interactions:
- request:
    body: !!python/unicode '{}'
    headers:
      Accept: ['*/*']
      Accept-Encoding: ['gzip, deflate']
      Connection: [keep-alive]
      Content-Length: ['2']
      Content-Type: [application/json]
      User-Agent: [python-requests/2.13.0]
    method: GET
    uri: https://api.memset.com/v1/json/dns.zone_domain_info?domain=testzone.com
  response:
    body: {string: !!python/unicode "{\n \"domain\": \"testzone.com\", \n \"zone_id\"\
        : \"ce64e02f2e2e893bdf14703bb8bef9c3\"\n}"}
    headers:
      connection: [keep-alive]
      content-type: [application/json]
      date: ['Sat, 01 Apr 2017 12:23:42 GMT']
      server: [nginx]
      transfer-encoding: [chunked]
    status: {code: 200, message: OK}
- request:
    body: !!python/unicode '{}'
    headers:
      Accept: ['*/*']
      Accept-Encoding: ['gzip, deflate']
      Connection: [keep-alive]
      Content-Length: ['2']
      Content-Type: [application/json]
      User-Agent: [python-requests/2.13.0]
    method: GET
    uri: https://api.memset.com/v1/json/dns.zone_info?id=ce64e02f2e2e893bdf14703bb8bef9c3
  response:
    body: {string: !!python/unicode "{\n \"domains\": [\n  {\n   \"domain\": \"testzone.com\"\
        , \n   \"zone_id\": \"ce64e02f2e2e893bdf14703bb8bef9c3\"\n  }\n ], \n \"records\"\
        : [], \n \"nickname\": \"testzone.com\", \n \"id\": \"ce64e02f2e2e893bdf14703bb8bef9c3\"\
        , \n \"ttl\": 0\n}"}
    headers:
      connection: [keep-alive]
      content-type: [application/json]
      date: ['Sat, 01 Apr 2017 12:23:43 GMT']
      server: [nginx]
      transfer-encoding: [chunked]
    status: {code: 200, message: OK}
- request:
    body: !!python/unicode '{}'
    headers:
      Accept: ['*/*']
      Accept-Encoding: ['gzip, deflate']
      Connection: [keep-alive]
      Content-Length: ['2']
      Content-Type: [application/json]
      User-Agent: [python-requests/2.13.0]
    method: GET
    uri: https://api.memset.com/v1/json/dns.zone_record_create?record=localhost&type=A&zone_id=ce64e02f2e2e893bdf14703bb8bef9c3&address=127.0.0.1
  response:
    body: {string: !!python/unicode "{\n \"priority\": 0, \n \"zone_id\": \"ce64e02f2e2e893bdf14703bb8bef9c3\"\
        , \n \"address\": \"127.0.0.1\", \n \"relative\": false, \n \"record\": \"\
        localhost\", \n \"ttl\": 0, \n \"type\": \"A\", \n \"id\": \"0403869cf4b27d4043907dfc0ffcffc6\"\
        \n}"}
    headers:
      connection: [keep-alive]
      content-type: [application/json]
      date: ['Sat, 01 Apr 2017 12:23:43 GMT']
      server: [nginx]
      transfer-encoding: [chunked]
    status: {code: 200, message: OK}
- request:
    body: !!python/unicode '{}'
    headers:
      Accept: ['*/*']
      Accept-Encoding: ['gzip, deflate']
      Connection: [keep-alive]
      Content-Length: ['2']
      Content-Type: [application/json]
      User-Agent: [python-requests/2.13.0]
    method: GET
    uri: https://api.memset.com/v1/json/dns.reload
  response:
    body: {string: !!python/unicode "{\n \"status\": \"NEW\", \n \"finished\": false,\
        \ \n \"type\": \"dns\", \n \"id\": \"30796ed788e32b40c7c2237610ba6235\", \n\
        \ \"error\": false\n}"}
    headers:
      connection: [keep-alive]
      content-type: [application/json]
      date: ['Sat, 01 Apr 2017 12:23:43 GMT']
      server: [nginx]
      transfer-encoding: [chunked]
    status: {code: 200, message: OK}
version: 1
