interactions:
- request:
    body: !!python/unicode '{}'
    headers:
      Accept: ['*/*']
      Accept-Encoding: ['gzip, deflate']
      Connection: [keep-alive]
      Content-Length: ['2']
      Content-Type: [application/json]
      User-Agent: [python-requests/2.13.0]
    method: GET
    uri: https://api.memset.com/v1/json/dns.zone_domain_info?domain=testzone.com
  response:
    body: {string: !!python/unicode "{\n \"domain\": \"testzone.com\", \n \"zone_id\"\
        : \"cbceea86fe9c099f019e386488ead6d8\"\n}"}
    headers:
      connection: [keep-alive]
      content-type: [application/json]
      date: ['Thu, 13 Apr 2017 12:57:08 GMT']
      server: [nginx]
    status: {code: 200, message: OK}
- request:
    body: !!python/unicode '{}'
    headers:
      Accept: ['*/*']
      Accept-Encoding: ['gzip, deflate']
      Connection: [keep-alive]
      Content-Length: ['2']
      Content-Type: [application/json]
      User-Agent: [python-requests/2.13.0]
    method: GET
    uri: https://api.memset.com/v1/json/dns.zone_info?id=cbceea86fe9c099f019e386488ead6d8
  response:
    body: {string: !!python/unicode "{\n \"domains\": [\n  {\n   \"domain\": \"testzone.com\"\
        , \n   \"zone_id\": \"cbceea86fe9c099f019e386488ead6d8\"\n  }\n ], \n \"records\"\
        : [\n  {\n   \"priority\": 0, \n   \"zone_id\": \"cbceea86fe9c099f019e386488ead6d8\"\
        , \n   \"address\": \"docs.example.com\", \n   \"relative\": false, \n   \"\
        record\": \"docs\", \n   \"ttl\": 0, \n   \"type\": \"CNAME\", \n   \"id\"\
        : \"5554241a3076d14abf34f28784691705\"\n  }, \n  {\n   \"priority\": 0, \n\
        \   \"zone_id\": \"cbceea86fe9c099f019e386488ead6d8\", \n   \"address\": \"\
        127.0.0.1\", \n   \"relative\": false, \n   \"record\": \"localhost\", \n\
        \   \"ttl\": 0, \n   \"type\": \"A\", \n   \"id\": \"6b3f0b55cff3843c1c592be27db44a66\"\
        \n  }, \n  {\n   \"priority\": 0, \n   \"zone_id\": \"cbceea86fe9c099f019e386488ead6d8\"\
        , \n   \"address\": \"challengetoken\", \n   \"relative\": false, \n   \"\
        record\": \"_acme-challenge.fqdn\", \n   \"ttl\": 0, \n   \"type\": \"TXT\"\
        , \n   \"id\": \"2bd6771488f82a3cfd063ff115876291\"\n  }, \n  {\n   \"priority\"\
        : 0, \n   \"zone_id\": \"cbceea86fe9c099f019e386488ead6d8\", \n   \"address\"\
        : \"challengetoken\", \n   \"relative\": false, \n   \"record\": \"_acme-challenge.full\"\
        , \n   \"ttl\": 0, \n   \"type\": \"TXT\", \n   \"id\": \"2b9ad50bff5f8479bbbda0ef1919d25a\"\
        \n  }, \n  {\n   \"priority\": 0, \n   \"zone_id\": \"cbceea86fe9c099f019e386488ead6d8\"\
        , \n   \"address\": \"challengetoken\", \n   \"relative\": false, \n   \"\
        record\": \"_acme-challenge.test\", \n   \"ttl\": 0, \n   \"type\": \"TXT\"\
        , \n   \"id\": \"c387e145c305648a0636fc7042fd4b01\"\n  }\n ], \n \"nickname\"\
        : \"testzone.com\", \n \"id\": \"cbceea86fe9c099f019e386488ead6d8\", \n \"\
        ttl\": 0\n}"}
    headers:
      connection: [keep-alive]
      content-type: [application/json]
      date: ['Thu, 13 Apr 2017 12:57:08 GMT']
      server: [nginx]
    status: {code: 200, message: OK}
- request:
    body: !!python/unicode '{}'
    headers:
      Accept: ['*/*']
      Accept-Encoding: ['gzip, deflate']
      Connection: [keep-alive]
      Content-Length: ['2']
      Content-Type: [application/json]
      User-Agent: [python-requests/2.13.0]
    method: GET
    uri: https://api.memset.com/v1/json/dns.zone_record_create?record=delete.testfull&type=TXT&zone_id=cbceea86fe9c099f019e386488ead6d8&address=challengetoken&ttl=3600
  response:
    body: {string: !!python/unicode "{\n \"priority\": 0, \n \"zone_id\": \"cbceea86fe9c099f019e386488ead6d8\"\
        , \n \"address\": \"challengetoken\", \n \"relative\": false, \n \"record\"\
        : \"delete.testfull\", \n \"ttl\": 0, \n \"type\": \"TXT\", \n \"id\": \"\
        9fa35393ef612a039e9cbafe7296706a\"\n}"}
    headers:
      connection: [keep-alive]
      content-type: [application/json]
      date: ['Thu, 13 Apr 2017 12:57:08 GMT']
      server: [nginx]
      transfer-encoding: [chunked]
    status: {code: 200, message: OK}
- request:
    body: !!python/unicode '{}'
    headers:
      Accept: ['*/*']
      Accept-Encoding: ['gzip, deflate']
      Connection: [keep-alive]
      Content-Length: ['2']
      Content-Type: [application/json]
      User-Agent: [python-requests/2.13.0]
    method: GET
    uri: https://api.memset.com/v1/json/dns.reload
  response:
    body: {string: !!python/unicode "{\n \"status\": \"NEW\", \n \"finished\": false,\
        \ \n \"type\": \"dns\", \n \"id\": \"b66760d4999d3b434ece0b44ae21dd3c\", \n\
        \ \"error\": false\n}"}
    headers:
      connection: [keep-alive]
      content-type: [application/json]
      date: ['Thu, 13 Apr 2017 12:57:08 GMT']
      server: [nginx]
      transfer-encoding: [chunked]
    status: {code: 200, message: OK}
- request:
    body: !!python/unicode '{}'
    headers:
      Accept: ['*/*']
      Accept-Encoding: ['gzip, deflate']
      Connection: [keep-alive]
      Content-Length: ['2']
      Content-Type: [application/json]
      User-Agent: [python-requests/2.13.0]
    method: GET
    uri: https://api.memset.com/v1/json/dns.zone_info?id=cbceea86fe9c099f019e386488ead6d8
  response:
    body: {string: !!python/unicode "{\n \"domains\": [\n  {\n   \"domain\": \"testzone.com\"\
        , \n   \"zone_id\": \"cbceea86fe9c099f019e386488ead6d8\"\n  }\n ], \n \"records\"\
        : [\n  {\n   \"priority\": 0, \n   \"zone_id\": \"cbceea86fe9c099f019e386488ead6d8\"\
        , \n   \"address\": \"challengetoken\", \n   \"relative\": false, \n   \"\
        record\": \"delete.testfull\", \n   \"ttl\": 0, \n   \"type\": \"TXT\", \n\
        \   \"id\": \"9fa35393ef612a039e9cbafe7296706a\"\n  }, \n  {\n   \"priority\"\
        : 0, \n   \"zone_id\": \"cbceea86fe9c099f019e386488ead6d8\", \n   \"address\"\
        : \"docs.example.com\", \n   \"relative\": false, \n   \"record\": \"docs\"\
        , \n   \"ttl\": 0, \n   \"type\": \"CNAME\", \n   \"id\": \"5554241a3076d14abf34f28784691705\"\
        \n  }, \n  {\n   \"priority\": 0, \n   \"zone_id\": \"cbceea86fe9c099f019e386488ead6d8\"\
        , \n   \"address\": \"127.0.0.1\", \n   \"relative\": false, \n   \"record\"\
        : \"localhost\", \n   \"ttl\": 0, \n   \"type\": \"A\", \n   \"id\": \"6b3f0b55cff3843c1c592be27db44a66\"\
        \n  }, \n  {\n   \"priority\": 0, \n   \"zone_id\": \"cbceea86fe9c099f019e386488ead6d8\"\
        , \n   \"address\": \"challengetoken\", \n   \"relative\": false, \n   \"\
        record\": \"_acme-challenge.fqdn\", \n   \"ttl\": 0, \n   \"type\": \"TXT\"\
        , \n   \"id\": \"2bd6771488f82a3cfd063ff115876291\"\n  }, \n  {\n   \"priority\"\
        : 0, \n   \"zone_id\": \"cbceea86fe9c099f019e386488ead6d8\", \n   \"address\"\
        : \"challengetoken\", \n   \"relative\": false, \n   \"record\": \"_acme-challenge.full\"\
        , \n   \"ttl\": 0, \n   \"type\": \"TXT\", \n   \"id\": \"2b9ad50bff5f8479bbbda0ef1919d25a\"\
        \n  }, \n  {\n   \"priority\": 0, \n   \"zone_id\": \"cbceea86fe9c099f019e386488ead6d8\"\
        , \n   \"address\": \"challengetoken\", \n   \"relative\": false, \n   \"\
        record\": \"_acme-challenge.test\", \n   \"ttl\": 0, \n   \"type\": \"TXT\"\
        , \n   \"id\": \"c387e145c305648a0636fc7042fd4b01\"\n  }\n ], \n \"nickname\"\
        : \"testzone.com\", \n \"id\": \"cbceea86fe9c099f019e386488ead6d8\", \n \"\
        ttl\": 0\n}"}
    headers:
      connection: [keep-alive]
      content-type: [application/json]
      date: ['Thu, 13 Apr 2017 12:57:09 GMT']
      server: [nginx]
      transfer-encoding: [chunked]
    status: {code: 200, message: OK}
- request:
    body: !!python/unicode '{}'
    headers:
      Accept: ['*/*']
      Accept-Encoding: ['gzip, deflate']
      Connection: [keep-alive]
      Content-Length: ['2']
      Content-Type: [application/json]
      User-Agent: [python-requests/2.13.0]
    method: GET
    uri: https://api.memset.com/v1/json/dns.zone_record_delete?id=9fa35393ef612a039e9cbafe7296706a
  response:
    body: {string: !!python/unicode "{\n \"priority\": 0, \n \"zone_id\": \"cbceea86fe9c099f019e386488ead6d8\"\
        , \n \"address\": \"challengetoken\", \n \"relative\": false, \n \"record\"\
        : \"delete.testfull\", \n \"ttl\": 0, \n \"type\": \"TXT\", \n \"id\": \"\
        9fa35393ef612a039e9cbafe7296706a\"\n}"}
    headers:
      connection: [keep-alive]
      content-type: [application/json]
      date: ['Thu, 13 Apr 2017 12:57:09 GMT']
      server: [nginx]
      transfer-encoding: [chunked]
    status: {code: 200, message: OK}
- request:
    body: !!python/unicode '{}'
    headers:
      Accept: ['*/*']
      Accept-Encoding: ['gzip, deflate']
      Connection: [keep-alive]
      Content-Length: ['2']
      Content-Type: [application/json]
      User-Agent: [python-requests/2.13.0]
    method: GET
    uri: https://api.memset.com/v1/json/dns.reload
  response:
    body: {string: !!python/unicode "{\n \"status\": \"NEW\", \n \"finished\": false,\
        \ \n \"type\": \"dns\", \n \"id\": \"06758942c3acbbaa74f2a2332a3538cb\", \n\
        \ \"error\": false\n}"}
    headers:
      connection: [keep-alive]
      content-type: [application/json]
      date: ['Thu, 13 Apr 2017 12:57:09 GMT']
      server: [nginx]
      transfer-encoding: [chunked]
    status: {code: 200, message: OK}
- request:
    body: !!python/unicode '{}'
    headers:
      Accept: ['*/*']
      Accept-Encoding: ['gzip, deflate']
      Connection: [keep-alive]
      Content-Length: ['2']
      Content-Type: [application/json]
      User-Agent: [python-requests/2.13.0]
    method: GET
    uri: https://api.memset.com/v1/json/dns.zone_info?id=cbceea86fe9c099f019e386488ead6d8
  response:
    body: {string: !!python/unicode "{\n \"domains\": [\n  {\n   \"domain\": \"testzone.com\"\
        , \n   \"zone_id\": \"cbceea86fe9c099f019e386488ead6d8\"\n  }\n ], \n \"records\"\
        : [\n  {\n   \"priority\": 0, \n   \"zone_id\": \"cbceea86fe9c099f019e386488ead6d8\"\
        , \n   \"address\": \"docs.example.com\", \n   \"relative\": false, \n   \"\
        record\": \"docs\", \n   \"ttl\": 0, \n   \"type\": \"CNAME\", \n   \"id\"\
        : \"5554241a3076d14abf34f28784691705\"\n  }, \n  {\n   \"priority\": 0, \n\
        \   \"zone_id\": \"cbceea86fe9c099f019e386488ead6d8\", \n   \"address\": \"\
        127.0.0.1\", \n   \"relative\": false, \n   \"record\": \"localhost\", \n\
        \   \"ttl\": 0, \n   \"type\": \"A\", \n   \"id\": \"6b3f0b55cff3843c1c592be27db44a66\"\
        \n  }, \n  {\n   \"priority\": 0, \n   \"zone_id\": \"cbceea86fe9c099f019e386488ead6d8\"\
        , \n   \"address\": \"challengetoken\", \n   \"relative\": false, \n   \"\
        record\": \"_acme-challenge.fqdn\", \n   \"ttl\": 0, \n   \"type\": \"TXT\"\
        , \n   \"id\": \"2bd6771488f82a3cfd063ff115876291\"\n  }, \n  {\n   \"priority\"\
        : 0, \n   \"zone_id\": \"cbceea86fe9c099f019e386488ead6d8\", \n   \"address\"\
        : \"challengetoken\", \n   \"relative\": false, \n   \"record\": \"_acme-challenge.full\"\
        , \n   \"ttl\": 0, \n   \"type\": \"TXT\", \n   \"id\": \"2b9ad50bff5f8479bbbda0ef1919d25a\"\
        \n  }, \n  {\n   \"priority\": 0, \n   \"zone_id\": \"cbceea86fe9c099f019e386488ead6d8\"\
        , \n   \"address\": \"challengetoken\", \n   \"relative\": false, \n   \"\
        record\": \"_acme-challenge.test\", \n   \"ttl\": 0, \n   \"type\": \"TXT\"\
        , \n   \"id\": \"c387e145c305648a0636fc7042fd4b01\"\n  }\n ], \n \"nickname\"\
        : \"testzone.com\", \n \"id\": \"cbceea86fe9c099f019e386488ead6d8\", \n \"\
        ttl\": 0\n}"}
    headers:
      connection: [keep-alive]
      content-type: [application/json]
      date: ['Thu, 13 Apr 2017 12:57:09 GMT']
      server: [nginx]
      transfer-encoding: [chunked]
    status: {code: 200, message: OK}
version: 1
