interactions:
- request:
    body: '{}'
    headers:
      Accept: [application/json]
      Accept-Encoding: ['gzip, deflate']
      Connection: [keep-alive]
      Content-Length: ['2']
      Content-Type: [application/json]
      User-Agent: [python-requests/2.9.1]
      x-dnsme-requestDate: ['Fri, 25 Mar 2016 17:39:38 GMT']
    method: GET
    uri: http://api.sandbox.dnsmadeeasy.com/V2.0/dns/managed/name?domainname=capsulecd.com
  response:
    body: {string: !!python/unicode '{"name":"capsulecd.com","id":874984,"created":1458864000000,"nameServers":[{"fqdn":"ns0.dnsmadeeasy.com","ipv4":"208.94.148.2","ipv6":"2600:1800:0::1"},{"fqdn":"ns1.dnsmadeeasy.com","ipv4":"208.80.124.2","ipv6":"2600:1801:1::1"},{"fqdn":"ns2.dnsmadeeasy.com","ipv4":"208.80.126.2","ipv6":"2600:1802:2::1"},{"fqdn":"ns3.dnsmadeeasy.com","ipv4":"208.80.125.2","ipv6":"2600:1801:3::1"},{"fqdn":"ns4.dnsmadeeasy.com","ipv4":"208.80.127.2","ipv6":"2600:1802:4::1"}],"pendingActionId":0,"updated":1458927566053,"processMulti":false,"activeThirdParties":[],"delegateNameServers":["dawn.ns.cloudflare.com.","owen.ns.cloudflare.com."],"folderId":1668,"gtdEnabled":false}'}
    headers:
      content-type: [application/json]
      date: ['Fri, 25 Mar 2016 17:39:39 GMT']
      server: [Apache-Coyote/1.1]
      set-cookie: [JSESSIONID=BD58256C518387FC1557CB1D14DC3064; Path=/V2.0/; HttpOnly]
      x-dnsme-requestid: [10a87301-2ec2-4fac-af79-ffeb9800e725]
      x-dnsme-requestlimit: ['150']
      x-dnsme-requestsremaining: ['139']
    status: {code: 200, message: OK}
- request:
    body: '{"type": "TXT", "name": "delete.testfqdn", "value": "challengetoken", "ttl":
      86400}'
    headers:
      Accept: [application/json]
      Accept-Encoding: ['gzip, deflate']
      Connection: [keep-alive]
      Content-Length: ['83']
      Content-Type: [application/json]
      User-Agent: [python-requests/2.9.1]
      x-dnsme-requestDate: ['Fri, 25 Mar 2016 17:39:39 GMT']
    method: POST
    uri: http://api.sandbox.dnsmadeeasy.com/V2.0/dns/managed/874984/records/
  response:
    body: {string: !!python/unicode '{"name":"delete.testfqdn","value":"\"challengetoken\"","id":10098498,"type":"TXT","source":1,"dynamicDns":false,"failed":false,"gtdLocation":"DEFAULT","hardLink":false,"ttl":86400,"failover":false,"monitor":false,"sourceId":874984}'}
    headers:
      content-type: [application/json]
      date: ['Fri, 25 Mar 2016 17:39:39 GMT']
      location: ['http://api.sandbox.dnsmadeeasy.com/V2.0/dns/managed/874984/records/10098498']
      server: [Apache-Coyote/1.1]
      set-cookie: [JSESSIONID=09E3932DF2CFDD7E036B9B19A2749E43; Path=/V2.0/; HttpOnly]
      x-dnsme-requestid: [add2d288-29eb-484c-884d-aad7cd593c96]
      x-dnsme-requestlimit: ['150']
      x-dnsme-requestsremaining: ['138']
    status: {code: 201, message: Created}
- request:
    body: '{}'
    headers:
      Accept: [application/json]
      Accept-Encoding: ['gzip, deflate']
      Connection: [keep-alive]
      Content-Length: ['2']
      Content-Type: [application/json]
      User-Agent: [python-requests/2.9.1]
      x-dnsme-requestDate: ['Fri, 25 Mar 2016 17:39:39 GMT']
    method: GET
    uri: http://api.sandbox.dnsmadeeasy.com/V2.0/dns/managed/874984/records?recordName=delete.testfqdn&type=TXT
  response:
    body: {string: !!python/unicode '{"data":[{"name":"delete.testfqdn","value":"\"challengetoken\"","id":10098498,"type":"TXT","source":1,"dynamicDns":false,"failed":false,"gtdLocation":"DEFAULT","hardLink":false,"ttl":86400,"failover":false,"monitor":false,"sourceId":874984}],"page":0,"totalRecords":1,"totalPages":1}'}
    headers:
      content-type: [application/json]
      date: ['Fri, 25 Mar 2016 17:39:39 GMT']
      server: [Apache-Coyote/1.1]
      set-cookie: [JSESSIONID=2EF8365629416421E2DA6BB6F034D60A; Path=/V2.0/; HttpOnly]
      x-dnsme-requestid: [4f0d5e5f-4a34-4fa9-b091-8f2fff2d0fae]
      x-dnsme-requestlimit: ['150']
      x-dnsme-requestsremaining: ['137']
    status: {code: 200, message: OK}
- request:
    body: '{}'
    headers:
      Accept: [application/json]
      Accept-Encoding: ['gzip, deflate']
      Connection: [keep-alive]
      Content-Length: ['2']
      Content-Type: [application/json]
      User-Agent: [python-requests/2.9.1]
      x-dnsme-requestDate: ['Fri, 25 Mar 2016 17:39:39 GMT']
    method: DELETE
    uri: http://api.sandbox.dnsmadeeasy.com/V2.0/dns/managed/874984/records/10098498
  response:
    body: {string: !!python/unicode ''}
    headers:
      content-length: ['0']
      content-type: [application/json]
      date: ['Fri, 25 Mar 2016 17:39:40 GMT']
      server: [Apache-Coyote/1.1]
      set-cookie: [JSESSIONID=645602F33DC2C27930E9800FB9E86B95; Path=/V2.0/; HttpOnly]
      x-dnsme-requestid: [82a63155-e3f7-4397-bae2-922e73bca6c8]
      x-dnsme-requestlimit: ['150']
      x-dnsme-requestsremaining: ['136']
    status: {code: 200, message: OK}
- request:
    body: '{}'
    headers:
      Accept: [application/json]
      Accept-Encoding: ['gzip, deflate']
      Connection: [keep-alive]
      Content-Length: ['2']
      Content-Type: [application/json]
      User-Agent: [python-requests/2.9.1]
      x-dnsme-requestDate: ['Fri, 25 Mar 2016 17:39:40 GMT']
    method: GET
    uri: http://api.sandbox.dnsmadeeasy.com/V2.0/dns/managed/874984/records?recordName=delete.testfqdn&type=TXT
  response:
    body: {string: !!python/unicode '{"data":[],"page":0,"totalRecords":0,"totalPages":1}'}
    headers:
      content-type: [application/json]
      date: ['Fri, 25 Mar 2016 17:39:40 GMT']
      server: [Apache-Coyote/1.1]
      set-cookie: [JSESSIONID=0C9B8CFB8D56F158364C43AE4DF73E73; Path=/V2.0/; HttpOnly]
      x-dnsme-requestid: [0ff447cd-b555-4d91-abb9-572428df89ca]
      x-dnsme-requestlimit: ['150']
      x-dnsme-requestsremaining: ['135']
    status: {code: 200, message: OK}
version: 1
