interactions:
- request:
    body: '{}'
    headers:
      Accept: [application/json]
      Accept-Encoding: ['gzip, deflate']
      Connection: [keep-alive]
      Content-Length: ['2']
      Content-Type: [application/json]
      User-Agent: [python-requests/2.9.1]
      x-dnsme-requestDate: ['Sat, 27 Aug 2016 19:30:24 GMT']
    method: GET
    uri: http://api.sandbox.dnsmadeeasy.com/V2.0/dns/managed/name?domainname=capsulecd.com
  response:
    body: {string: !!python/unicode '{"name":"capsulecd.com","id":874984,"created":1458864000000,"processMulti":false,"activeThirdParties":[],"delegateNameServers":["dawn.ns.cloudflare.com.","owen.ns.cloudflare.com."],"folderId":1668,"gtdEnabled":false,"nameServers":[{"ipv4":"208.94.147.112","ipv6":"2600:1800:0::1","fqdn":"ns1.sandbox.dnsmadeeasy.com"},{"ipv4":"208.94.147.113","ipv6":"2600:1801:1::1","fqdn":"ns2.sandbox.dnsmadeeasy.com"},{"ipv4":"208.94.147.114","ipv6":"2600:1802:2::1","fqdn":"ns3.sandbox.dnsmadeeasy.com"},{"ipv4":"208.94.147.116","ipv6":"2600:1801:3::1","fqdn":"ns4.sandbox.dnsmadeeasy.com"}],"pendingActionId":0,"updated":1472326176934}'}
    headers:
      content-type: [application/json]
      date: ['Sat, 27 Aug 2016 19:30:25 GMT']
      server: [Apache-Coyote/1.1]
      set-cookie: [JSESSIONID=C75AFDE3C9C274DCD416D57C067294FD; Path=/V2.0/; HttpOnly]
      x-dnsme-requestid: [e9bd13df-5409-426b-82bc-0ac7e1a9424a]
      x-dnsme-requestlimit: ['150']
      x-dnsme-requestsremaining: ['64']
    status: {code: 200, message: OK}
- request:
    body: '{"type": "TXT", "name": "delete.testid", "value": "challengetoken", "ttl":
      3600}'
    headers:
      Accept: [application/json]
      Accept-Encoding: ['gzip, deflate']
      Connection: [keep-alive]
      Content-Length: ['80']
      Content-Type: [application/json]
      User-Agent: [python-requests/2.9.1]
      x-dnsme-requestDate: ['Sat, 27 Aug 2016 19:30:24 GMT']
    method: POST
    uri: http://api.sandbox.dnsmadeeasy.com/V2.0/dns/managed/874984/records/
  response:
    body: {string: !!python/unicode '{"name":"delete.testid","value":"\"challengetoken\"","id":10124252,"type":"TXT","source":1,"dynamicDns":false,"failed":false,"gtdLocation":"DEFAULT","hardLink":false,"ttl":3600,"monitor":false,"sourceId":874984,"failover":false}'}
    headers:
      content-type: [application/json]
      date: ['Sat, 27 Aug 2016 19:30:25 GMT']
      location: ['http://api.sandbox.dnsmadeeasy.com/V2.0/dns/managed/874984/records/10124252']
      server: [Apache-Coyote/1.1]
      set-cookie: [JSESSIONID=C42A8F9A803A4191E105EDB1E938E17F; Path=/V2.0/; HttpOnly]
      x-dnsme-requestid: [5557731e-f739-4d53-859b-fe50391d79fd]
      x-dnsme-requestlimit: ['150']
      x-dnsme-requestsremaining: ['63']
    status: {code: 201, message: Created}
- request:
    body: '{}'
    headers:
      Accept: [application/json]
      Accept-Encoding: ['gzip, deflate']
      Connection: [keep-alive]
      Content-Length: ['2']
      Content-Type: [application/json]
      User-Agent: [python-requests/2.9.1]
      x-dnsme-requestDate: ['Sat, 27 Aug 2016 19:30:25 GMT']
    method: GET
    uri: http://api.sandbox.dnsmadeeasy.com/V2.0/dns/managed/874984/records?recordName=delete.testid&type=TXT
  response:
    body: {string: !!python/unicode '{"data":[{"name":"delete.testid","value":"\"challengetoken\"","id":10124252,"type":"TXT","source":1,"dynamicDns":false,"failed":false,"gtdLocation":"DEFAULT","hardLink":false,"ttl":3600,"monitor":false,"sourceId":874984,"failover":false}],"page":0,"totalPages":1,"totalRecords":1}'}
    headers:
      content-type: [application/json]
      date: ['Sat, 27 Aug 2016 19:30:25 GMT']
      server: [Apache-Coyote/1.1]
      set-cookie: [JSESSIONID=73067848D7EA15E4046320A1A5042E78; Path=/V2.0/; HttpOnly]
      x-dnsme-requestid: [1f8a30bf-d65e-4a6c-bf6e-70fa36fe5f46]
      x-dnsme-requestlimit: ['150']
      x-dnsme-requestsremaining: ['62']
    status: {code: 200, message: OK}
- request:
    body: '{}'
    headers:
      Accept: [application/json]
      Accept-Encoding: ['gzip, deflate']
      Connection: [keep-alive]
      Content-Length: ['2']
      Content-Type: [application/json]
      User-Agent: [python-requests/2.9.1]
      x-dnsme-requestDate: ['Sat, 27 Aug 2016 19:30:25 GMT']
    method: DELETE
    uri: http://api.sandbox.dnsmadeeasy.com/V2.0/dns/managed/874984/records/10124252
  response:
    body: {string: !!python/unicode ''}
    headers:
      content-length: ['0']
      content-type: [application/json]
      date: ['Sat, 27 Aug 2016 19:30:26 GMT']
      server: [Apache-Coyote/1.1]
      set-cookie: [JSESSIONID=55A1B8BE396D8661ECD525F768E2B13A; Path=/V2.0/; HttpOnly]
      x-dnsme-requestid: [268779ba-15be-428d-a76c-36d42a5781d7]
      x-dnsme-requestlimit: ['150']
      x-dnsme-requestsremaining: ['61']
    status: {code: 200, message: OK}
- request:
    body: '{}'
    headers:
      Accept: [application/json]
      Accept-Encoding: ['gzip, deflate']
      Connection: [keep-alive]
      Content-Length: ['2']
      Content-Type: [application/json]
      User-Agent: [python-requests/2.9.1]
      x-dnsme-requestDate: ['Sat, 27 Aug 2016 19:30:26 GMT']
    method: GET
    uri: http://api.sandbox.dnsmadeeasy.com/V2.0/dns/managed/874984/records?recordName=delete.testid&type=TXT
  response:
    body: {string: !!python/unicode '{"data":[],"page":0,"totalPages":1,"totalRecords":0}'}
    headers:
      content-type: [application/json]
      date: ['Sat, 27 Aug 2016 19:30:26 GMT']
      server: [Apache-Coyote/1.1]
      set-cookie: [JSESSIONID=78F6EA456B68D7417CB6B9455A7AF4A9; Path=/V2.0/; HttpOnly]
      x-dnsme-requestid: [297dd579-f1ea-4e13-a8d0-b84ed1843908]
      x-dnsme-requestlimit: ['150']
      x-dnsme-requestsremaining: ['60']
    status: {code: 200, message: OK}
version: 1
