interactions:
- request:
    body: '{}'
    headers:
      Accept: [application/json]
      Accept-Encoding: ['gzip, deflate']
      Connection: [keep-alive]
      Content-Length: ['2']
      Content-Type: [application/json]
      User-Agent: [python-requests/2.9.1]
    method: GET
    uri: https://api.digitalocean.com/v2/domains/capsulecd.com
  response:
    body: {string: !!python/unicode '{"domain":{"name":"capsulecd.com","ttl":1800,"zone_file":"$ORIGIN
        capsulecd.com.\n$TTL 1800\ncapsulecd.com. IN SOA ns1.digitalocean.com. hostmaster.capsulecd.com.
        1460669983 10800 3600 604800 1800\ncapsulecd.com. 1800 IN NS ns1.digitalocean.com.\ncapsulecd.com.
        1800 IN NS ns2.digitalocean.com.\ncapsulecd.com. 1800 IN NS ns3.digitalocean.com.\ncapsulecd.com.
        1800 IN A 127.0.0.1\nlocalhost.capsulecd.com. 1800 IN A 127.0.0.1\n_acme-challenge.fqdn.capsulecd.com.
        1800 IN TXT challengetoken\n_acme-challenge.full.capsulecd.com. 1800 IN TXT
        challengetoken\n_acme-challenge.test.capsulecd.com. 1800 IN TXT challengetoken\ndocs.capsulecd.com.
        1800 IN CNAME docs.example.com.\nrandom.fqdntest.capsulecd.com. 1800 IN TXT
        challengetoken\nrandom.fulltest.capsulecd.com. 1800 IN TXT challengetoken\nrandom.test.capsulecd.com.
        1800 IN TXT challengetoken\nupdated.test.capsulecd.com. 1800 IN TXT challengetoken\nupdated.testfqdn.capsulecd.com.
        1800 IN TXT challengetoken\nupdated.testfull.capsulecd.com. 1800 IN TXT challengetoken\n"}}'}
    headers:
      cache-control: ['max-age=0, private, must-revalidate']
      cf-ray: [293a503d96181b91-SEA]
      connection: [keep-alive]
      content-length: ['1024']
      content-type: [application/json; charset=utf-8]
      date: ['Thu, 14 Apr 2016 21:39:57 GMT']
      ratelimit-limit: ['5000']
      ratelimit-remaining: ['4959']
      ratelimit-reset: ['1460673047']
      server: [cloudflare-nginx]
      set-cookie: ['__cfduid=d66f59d3b428d91fff325620d9b4960631460669997; expires=Fri,
          14-Apr-17 21:39:57 GMT; path=/; domain=.digitalocean.com; HttpOnly']
      status: [200 OK]
      x-content-type-options: [nosniff]
      x-frame-options: [SAMEORIGIN]
      x-request-id: [95eb7964-9de2-4b3f-b2d4-1c333b6ef5e3]
      x-runtime: ['0.056975']
      x-xss-protection: [1; mode=block]
    status: {code: 200, message: OK}
- request:
    body: '{"data": "challengetoken", "type": "TXT", "name": "delete.testid"}'
    headers:
      Accept: [application/json]
      Accept-Encoding: ['gzip, deflate']
      Connection: [keep-alive]
      Content-Length: ['66']
      Content-Type: [application/json]
      User-Agent: [python-requests/2.9.1]
    method: POST
    uri: https://api.digitalocean.com/v2/domains/capsulecd.com/records
  response:
    body: {string: !!python/unicode '{"domain_record":{"id":13310529,"type":"TXT","name":"delete.testid","data":"challengetoken","priority":null,"port":null,"weight":null}}'}
    headers:
      cache-control: ['max-age=0, private, must-revalidate']
      cf-ray: [293a506148532a8b-SEA]
      connection: [keep-alive]
      content-type: [application/json; charset=utf-8]
      date: ['Thu, 14 Apr 2016 21:40:03 GMT']
      etag: ['"de73d9fa2dc74b0d95f65f67d350491e"']
      ratelimit-limit: ['5000']
      ratelimit-remaining: ['4952']
      ratelimit-reset: ['1460673047']
      server: [cloudflare-nginx]
      set-cookie: ['__cfduid=d5b73180017f072a6194431396b545c261460670003; expires=Fri,
          14-Apr-17 21:40:03 GMT; path=/; domain=.digitalocean.com; HttpOnly']
      status: [201 Created]
      x-content-type-options: [nosniff]
      x-frame-options: [SAMEORIGIN]
      x-request-id: [f063fa57-c08f-460d-883d-d92a1f7fc327]
      x-runtime: ['0.325777']
      x-xss-protection: [1; mode=block]
    status: {code: 201, message: Created}
- request:
    body: '{}'
    headers:
      Accept: [application/json]
      Accept-Encoding: ['gzip, deflate']
      Connection: [keep-alive]
      Content-Length: ['2']
      Content-Type: [application/json]
      User-Agent: [python-requests/2.9.1]
    method: GET
    uri: https://api.digitalocean.com/v2/domains/capsulecd.com/records
  response:
    body: {string: !!python/unicode '{"domain_records":[{"id":13310015,"type":"NS","name":"@","data":"ns1.digitalocean.com","priority":null,"port":null,"weight":null},{"id":13310016,"type":"NS","name":"@","data":"ns2.digitalocean.com","priority":null,"port":null,"weight":null},{"id":13310017,"type":"NS","name":"@","data":"ns3.digitalocean.com","priority":null,"port":null,"weight":null},{"id":13310018,"type":"A","name":"@","data":"127.0.0.1","priority":null,"port":null,"weight":null},{"id":13310404,"type":"A","name":"localhost","data":"127.0.0.1","priority":null,"port":null,"weight":null},{"id":13310405,"type":"TXT","name":"_acme-challenge.fqdn","data":"challengetoken","priority":null,"port":null,"weight":null},{"id":13310406,"type":"TXT","name":"_acme-challenge.full","data":"challengetoken","priority":null,"port":null,"weight":null},{"id":13310407,"type":"TXT","name":"_acme-challenge.test","data":"challengetoken","priority":null,"port":null,"weight":null},{"id":13310497,"type":"CNAME","name":"docs","data":"docs.example.com","priority":null,"port":null,"weight":null},{"id":13310499,"type":"TXT","name":"random.fqdntest","data":"challengetoken","priority":null,"port":null,"weight":null},{"id":13310500,"type":"TXT","name":"random.fulltest","data":"challengetoken","priority":null,"port":null,"weight":null},{"id":13310501,"type":"TXT","name":"random.test","data":"challengetoken","priority":null,"port":null,"weight":null},{"id":13310517,"type":"TXT","name":"updated.test","data":"challengetoken","priority":null,"port":null,"weight":null},{"id":13310518,"type":"TXT","name":"updated.testfqdn","data":"challengetoken","priority":null,"port":null,"weight":null},{"id":13310519,"type":"TXT","name":"updated.testfull","data":"challengetoken","priority":null,"port":null,"weight":null},{"id":13310525,"type":"TXT","name":"delete.testfilt","data":"challengetoken","priority":null,"port":null,"weight":null},{"id":13310526,"type":"TXT","name":"delete.testfqdn","data":"challengetoken","priority":null,"port":null,"weight":null},{"id":13310527,"type":"TXT","name":"delete.testfull","data":"challengetoken","priority":null,"port":null,"weight":null},{"id":13310529,"type":"TXT","name":"delete.testid","data":"challengetoken","priority":null,"port":null,"weight":null}],"links":{},"meta":{"total":19}}'}
    headers:
      cache-control: ['max-age=0, private, must-revalidate']
      cf-ray: [293a5064fe972a73-SEA]
      connection: [keep-alive]
      content-length: ['2271']
      content-type: [application/json; charset=utf-8]
      date: ['Thu, 14 Apr 2016 21:40:04 GMT']
      ratelimit-limit: ['5000']
      ratelimit-remaining: ['4951']
      ratelimit-reset: ['1460673047']
      server: [cloudflare-nginx]
      set-cookie: ['__cfduid=d8210d504adc9cdb8baf34a50a026f7b11460670003; expires=Fri,
          14-Apr-17 21:40:03 GMT; path=/; domain=.digitalocean.com; HttpOnly']
      status: [200 OK]
      x-content-type-options: [nosniff]
      x-frame-options: [SAMEORIGIN]
      x-request-id: [e622c409-6515-4ff6-a16f-c041c4a121da]
      x-runtime: ['0.121170']
      x-xss-protection: [1; mode=block]
    status: {code: 200, message: OK}
- request:
    body: '{}'
    headers:
      Accept: [application/json]
      Accept-Encoding: ['gzip, deflate']
      Connection: [keep-alive]
      Content-Length: ['2']
      Content-Type: [application/json]
      User-Agent: [python-requests/2.9.1]
    method: DELETE
    uri: https://api.digitalocean.com/v2/domains/capsulecd.com/records/13310529
  response:
    body: {string: !!python/unicode ''}
    headers:
      cache-control: [no-cache]
      cf-ray: [293a50882b540514-SEA]
      connection: [keep-alive]
      date: ['Thu, 14 Apr 2016 21:40:09 GMT']
      ratelimit-limit: ['5000']
      ratelimit-remaining: ['4944']
      ratelimit-reset: ['1460673047']
      server: [cloudflare-nginx]
      set-cookie: ['__cfduid=de8a2f92236d82df9d2e7e3599466f0431460670009; expires=Fri,
          14-Apr-17 21:40:09 GMT; path=/; domain=.digitalocean.com; HttpOnly']
      status: [204 No Content]
      x-content-type-options: [nosniff]
      x-frame-options: [SAMEORIGIN]
      x-request-id: [3cb17634-0988-4903-a426-5141b0c4f251]
      x-runtime: ['0.229202']
      x-xss-protection: [1; mode=block]
    status: {code: 204, message: No Content}
- request:
    body: '{}'
    headers:
      Accept: [application/json]
      Accept-Encoding: ['gzip, deflate']
      Connection: [keep-alive]
      Content-Length: ['2']
      Content-Type: [application/json]
      User-Agent: [python-requests/2.9.1]
    method: GET
    uri: https://api.digitalocean.com/v2/domains/capsulecd.com/records
  response:
    body: {string: !!python/unicode '{"domain_records":[{"id":13310015,"type":"NS","name":"@","data":"ns1.digitalocean.com","priority":null,"port":null,"weight":null},{"id":13310016,"type":"NS","name":"@","data":"ns2.digitalocean.com","priority":null,"port":null,"weight":null},{"id":13310017,"type":"NS","name":"@","data":"ns3.digitalocean.com","priority":null,"port":null,"weight":null},{"id":13310018,"type":"A","name":"@","data":"127.0.0.1","priority":null,"port":null,"weight":null},{"id":13310404,"type":"A","name":"localhost","data":"127.0.0.1","priority":null,"port":null,"weight":null},{"id":13310405,"type":"TXT","name":"_acme-challenge.fqdn","data":"challengetoken","priority":null,"port":null,"weight":null},{"id":13310406,"type":"TXT","name":"_acme-challenge.full","data":"challengetoken","priority":null,"port":null,"weight":null},{"id":13310407,"type":"TXT","name":"_acme-challenge.test","data":"challengetoken","priority":null,"port":null,"weight":null},{"id":13310497,"type":"CNAME","name":"docs","data":"docs.example.com","priority":null,"port":null,"weight":null},{"id":13310499,"type":"TXT","name":"random.fqdntest","data":"challengetoken","priority":null,"port":null,"weight":null},{"id":13310500,"type":"TXT","name":"random.fulltest","data":"challengetoken","priority":null,"port":null,"weight":null},{"id":13310501,"type":"TXT","name":"random.test","data":"challengetoken","priority":null,"port":null,"weight":null},{"id":13310517,"type":"TXT","name":"updated.test","data":"challengetoken","priority":null,"port":null,"weight":null},{"id":13310518,"type":"TXT","name":"updated.testfqdn","data":"challengetoken","priority":null,"port":null,"weight":null},{"id":13310519,"type":"TXT","name":"updated.testfull","data":"challengetoken","priority":null,"port":null,"weight":null}],"links":{},"meta":{"total":15}}'}
    headers:
      cache-control: ['max-age=0, private, must-revalidate']
      cf-ray: [293a508b4d820502-SEA]
      connection: [keep-alive]
      content-length: ['1793']
      content-type: [application/json; charset=utf-8]
      date: ['Thu, 14 Apr 2016 21:40:10 GMT']
      ratelimit-limit: ['5000']
      ratelimit-remaining: ['4943']
      ratelimit-reset: ['1460673047']
      server: [cloudflare-nginx]
      set-cookie: ['__cfduid=df0e619b23d2a65ab4cb4ab6f2216a23a1460670010; expires=Fri,
          14-Apr-17 21:40:10 GMT; path=/; domain=.digitalocean.com; HttpOnly']
      status: [200 OK]
      transfer-encoding: [chunked]
      x-content-type-options: [nosniff]
      x-frame-options: [SAMEORIGIN]
      x-request-id: [bf1ff0ab-8f6e-44ca-a9da-5f2893451af3]
      x-runtime: ['0.286279']
      x-xss-protection: [1; mode=block]
    status: {code: 200, message: OK}
version: 1
