interactions:
- request:
    body: !!python/unicode '{"auth": {"RAX-KSKEY:apiKeyCredentials": {"username":
      "foo", "apiKey": "bar"}}}'
    headers:
      Accept: ['*/*']
      Accept-Encoding: ['gzip, deflate']
      Connection: [keep-alive]
      Content-Length: ['116']
      Content-Type: [application/json]
      User-Agent: [python-requests/2.18.4]
    method: POST
    uri: https://identity.api.rackspacecloud.com/v2.0/tokens
  response:
    body: {string: !!python/unicode '{"access":{"token":{"expires":"2018-02-01T15:05:19.244Z","RAX-AUTH:issued":"2018-01-31T15:03:15.244Z","RAX-AUTH:authenticatedBy":["APIKEY"],"id":"placeholder_auth_token","tenant":{"name":"placeholder_auth_account","id":"placeholder_auth_account"}}}}'}
    headers:
      connection: [keep-alive]
      content-length: ['14511']
      content-security-policy: [default-src 'self']
      content-type: [application/json]
      date: ['Wed, 31 Jan 2018 15:03:15 GMT']
      server: [nginx]
      strict-transport-security: [max-age=15552000; includeSubDomains]
      vary: ['Accept, Accept-Encoding, X-Auth-Token']
      x-content-type-options: [nosniff]
      x-frame-options: [DENY]

      x-node-id: [ord-01]
      x-tenant-id: ['placeholder_auth_account']
      x-trans-id: [eyJyZXF1ZXN0SWQiOiI3MWExMDg4OS00NGE0LTQ4ZDAtOGJjMS02MjVmNjcyZTRkYjYiLCJvcmlnaW4iOm51bGx9]
      x-xss-protection: [1; mode=block]
    status: {code: 200, message: OK}
- request:
    body: !!python/unicode '{}'
    headers:
      Accept: ['*/*']
      Accept-Encoding: ['gzip, deflate']
      Connection: [keep-alive]
      Content-Length: ['2']
      Content-Type: [application/json]
      User-Agent: [python-requests/2.18.4]
      X-Auth-Token: [!!python/unicode 'placeholder_auth_token']
    method: GET
    uri: https://dns.api.rackspacecloud.com/v1.0/placeholder_auth_account/domains?name=capsulecd.com
  response:
    body: {string: !!python/unicode '{"domains":[{"name":"capsulecd.com","id":1234567,"emailAddress":"hostmaster@capsulecd.com","updated":"2018-01-31T15:03:14.000+0000","created":"2017-09-21T21:02:56.000+0000"}],"totalEntries":1}'}
    headers:
      content-length: ['211']
      content-type: [application/json]
      date: ['Wed, 31 Jan 2018 15:03:15 GMT']
      server: [Jetty(8.0.y.z-SNAPSHOT)]
      via: [1.1 Repose (Repose/2.13.2)]
      x-api-version: [1.0.37]

    status: {code: 200, message: OK}
- request:
    body: !!python/unicode '{"records": [{"data": "challengetoken", "type": "TXT",
      "name": "orig.testfull.capsulecd.com", "ttl": 3600}]}'
    headers:
      Accept: ['*/*']
      Accept-Encoding: ['gzip, deflate']
      Connection: [keep-alive]
      Content-Length: ['120']
      Content-Type: [application/json]
      User-Agent: [python-requests/2.18.4]
      X-Auth-Token: [!!python/unicode 'placeholder_auth_token']
    method: POST
    uri: https://dns.api.rackspacecloud.com/v1.0/placeholder_auth_account/domains/1234567/records
  response:
    body: {string: !!python/unicode '{"request":"{\"records\": [{\"data\": \"challengetoken\",
        \"type\": \"TXT\", \"name\": \"orig.testfull.capsulecd.com\", \"ttl\": 3600}]}","status":"RUNNING","verb":"POST","jobId":"24963341-2a1d-47a9-a323-a028c0f3701c","callbackUrl":"https://dns.api.rackspacecloud.com/v1.0/placeholder_auth_account/status/24963341-2a1d-47a9-a323-a028c0f3701c","requestUrl":"https://dns.api.rackspacecloud.com/v1.0/placeholder_auth_account/domains/1234567/records"}'}
    headers:
      content-length: ['423']
      content-type: [application/json]
      date: ['Wed, 31 Jan 2018 15:03:15 GMT']
      server: [Jetty(8.0.y.z-SNAPSHOT)]
      via: [1.1 Repose (Repose/2.13.2)]
      x-api-version: [1.0.37]

    status: {code: 202, message: Accepted}
- request:
    body: null
    headers:
      Accept: ['*/*']
      Accept-Encoding: ['gzip, deflate']
      Connection: [keep-alive]
      Content-Type: [application/json]
      User-Agent: [python-requests/2.18.4]
      X-Auth-Token: [!!python/unicode 'placeholder_auth_token']
    method: GET
    uri: https://dns.api.rackspacecloud.com/v1.0/placeholder_auth_account/status/24963341-2a1d-47a9-a323-a028c0f3701c?showDetails=true
  response:
    body: {string: !!python/unicode '{"request":"{\"records\": [{\"data\": \"challengetoken\",
        \"type\": \"TXT\", \"name\": \"orig.testfull.capsulecd.com\", \"ttl\": 3600}]}","status":"COMPLETED","response":{"records":[{"name":"orig.testfull.capsulecd.com","id":"TXT-1614082","type":"TXT","data":"challengetoken","ttl":3600,"updated":"2018-01-31T15:03:16.000+0000","created":"2018-01-31T15:03:16.000+0000"}]},"verb":"POST","jobId":"24963341-2a1d-47a9-a323-a028c0f3701c","callbackUrl":"https://dns.api.rackspacecloud.com/v1.0/placeholder_auth_account/status/24963341-2a1d-47a9-a323-a028c0f3701c","requestUrl":"https://dns.api.rackspacecloud.com/v1.0/placeholder_auth_account/domains/1234567/records"}'}
    headers:
      content-length: ['650']
      content-type: [application/json]
      date: ['Wed, 31 Jan 2018 15:03:17 GMT']
      server: [Jetty(8.0.y.z-SNAPSHOT)]
      via: [1.1 Repose (Repose/2.13.2)]
      x-api-version: [1.0.37]

    status: {code: 200, message: OK}
- request:
    body: !!python/unicode '{}'
    headers:
      Accept: ['*/*']
      Accept-Encoding: ['gzip, deflate']
      Connection: [keep-alive]
      Content-Length: ['2']
      Content-Type: [application/json]
      User-Agent: [python-requests/2.18.4]
      X-Auth-Token: [!!python/unicode 'placeholder_auth_token']
    method: GET
    uri: https://dns.api.rackspacecloud.com/v1.0/placeholder_auth_account/domains/1234567/records?per_page=100&type=TXT&name=orig.testfull.capsulecd.com
  response:
    body: {string: !!python/unicode '{"records":[{"name":"orig.testfull.capsulecd.com","id":"TXT-1614082","type":"TXT","data":"challengetoken","ttl":3600,"updated":"2018-01-31T15:03:16.000+0000","created":"2018-01-31T15:03:16.000+0000"}]}'}
    headers:
      content-length: ['213']
      content-type: [application/json]
      date: ['Wed, 31 Jan 2018 15:03:17 GMT']
      server: [Jetty(8.0.y.z-SNAPSHOT)]
      via: [1.1 Repose (Repose/2.13.2)]
      x-api-version: [1.0.37]

    status: {code: 200, message: OK}
- request:
    body: !!python/unicode '{"data": "challengetoken", "type": "TXT", "name": "updated.testfull.capsulecd.com",
      "ttl": 3600}'
    headers:
      Accept: ['*/*']
      Accept-Encoding: ['gzip, deflate']
      Connection: [keep-alive]
      Content-Length: ['108']
      Content-Type: [application/json]
      User-Agent: [python-requests/2.18.4]
      X-Auth-Token: [!!python/unicode 'placeholder_auth_token']
    method: PUT
    uri: https://dns.api.rackspacecloud.com/v1.0/placeholder_auth_account/domains/1234567/records/TXT-1614082
  response:
    body: {string: !!python/unicode '{"request":"{\"data\": \"challengetoken\", \"type\":
        \"TXT\", \"name\": \"updated.testfull.capsulecd.com\", \"ttl\": 3600}","status":"RUNNING","verb":"PUT","jobId":"983975fa-bd73-4830-b2dd-cd081a58eab2","callbackUrl":"https://dns.api.rackspacecloud.com/v1.0/placeholder_auth_account/status/983975fa-bd73-4830-b2dd-cd081a58eab2","requestUrl":"https://dns.api.rackspacecloud.com/v1.0/placeholder_auth_account/domains/1234567/records/TXT-1614082"}'}
    headers:
      content-length: ['420']
      content-type: [application/json]
      date: ['Wed, 31 Jan 2018 15:03:17 GMT']
      server: [Jetty(8.0.y.z-SNAPSHOT)]
      via: [1.1 Repose (Repose/2.13.2)]
      x-api-version: [1.0.37]

    status: {code: 202, message: Accepted}
- request:
    body: null
    headers:
      Accept: ['*/*']
      Accept-Encoding: ['gzip, deflate']
      Connection: [keep-alive]
      Content-Type: [application/json]
      User-Agent: [python-requests/2.18.4]
      X-Auth-Token: [!!python/unicode 'placeholder_auth_token']
    method: GET
    uri: https://dns.api.rackspacecloud.com/v1.0/placeholder_auth_account/status/983975fa-bd73-4830-b2dd-cd081a58eab2?showDetails=true
  response:
    body: {string: !!python/unicode '{"request":"{\"data\": \"challengetoken\", \"type\":
        \"TXT\", \"name\": \"updated.testfull.capsulecd.com\", \"ttl\": 3600}","status":"COMPLETED","verb":"PUT","jobId":"983975fa-bd73-4830-b2dd-cd081a58eab2","callbackUrl":"https://dns.api.rackspacecloud.com/v1.0/placeholder_auth_account/status/983975fa-bd73-4830-b2dd-cd081a58eab2","requestUrl":"https://dns.api.rackspacecloud.com/v1.0/placeholder_auth_account/domains/1234567/records/TXT-1614082"}'}
    headers:
      content-length: ['422']
      content-type: [application/json]
      date: ['Wed, 31 Jan 2018 15:03:19 GMT']
      server: [Jetty(8.0.y.z-SNAPSHOT)]
      via: [1.1 Repose (Repose/2.13.2)]
      x-api-version: [1.0.37]
    status: {code: 200, message: OK}
version: 1
