interactions:
- request:
    body: null
    headers:
      Accept: ['*/*']
      Accept-Encoding: ['gzip, deflate']
      Connection: [keep-alive]
      User-Agent: [python-requests/2.18.4]
    method: GET
    uri: https://zonomi.com/app/dns/dyndns.jsp?action=QUERY&name=%2A%2A.pcekper.com.ar
  response:
    body: {string: !!python/unicode "<?xml version =\"1.0\"  ?><!DOCTYPE html [<!ENTITY\
        \ nbsp '&#160;'><!ENTITY trade '&#8482;'><!ENTITY copy '&#169;'>]><dnsapi_result><is_ok>OK:</is_ok>\n\
        <result_counts \n added=\"0\"\n changed=\"0\"\n unchanged=\"0\"\n deleted=\"\
        0\"/>\n<actions>\n\n<action \n action=\"QUERY\"\n host=\"pcekper.com.ar, poto.pcekper.com.ar,\
        \ test.pcekper.com.ar, docs.pcekper.com.ar, _acme-challenge.fqdn.pcekper.com.ar,\
        \ _acme-challenge.full.pcekper.com.ar, _acme-challenge.test.pcekper.com.ar,\
        \ ttl.fqdn.pcekper.com.ar, random.fqdntest.pcekper.com.ar, random.fulltest.pcekper.com.ar,\
        \ random.test.pcekper.com.ar, updated.test.pcekper.com.ar, localhost.pcekper.com.ar,\
        \ updated.testfqdn.pcekper.com.ar, updated.testfull.pcekper.com.ar\">\n<record\
        \ \n name=\"pcekper.com.ar\"\n type=\"SOA\"\n content=\"ns1.zonomi.com. soacontact.zonomi.com.\
        \ 564 10800 3600 604800 3600\"\n ttl=\"86400 seconds\"\n prio=\"0\"/>\t\n\
        <record \n name=\"pcekper.com.ar\"\n type=\"NS\"\n content=\"ns1.zonomi.com\"\
        \n ttl=\"3600 seconds\"\n prio=\"0\"/>\t\n<record \n name=\"pcekper.com.ar\"\
        \n type=\"NS\"\n content=\"ns6.zonomi.com\"\n ttl=\"3600 seconds\"\n prio=\"\
        0\"/>\t\n<record \n name=\"pcekper.com.ar\"\n type=\"MX\"\n content=\"mail2.25mail.st\"\
        \n ttl=\"300 seconds\"\n prio=\"10\"/>\t\n<record \n name=\"pcekper.com.ar\"\
        \n type=\"A\"\n content=\"127.0.0.1\"\n ttl=\"3600 seconds\"\n prio=\"0\"\
        />\t\n<record \n name=\"poto.pcekper.com.ar\"\n type=\"MX\"\n content=\"mail2.25mail.st\"\
        \n ttl=\"3600 seconds\"\n prio=\"0\"/>\t\n<record \n name=\"test.pcekper.com.ar\"\
        \n type=\"MX\"\n content=\"mail1.25mail.st\"\n ttl=\"300 seconds\"\n prio=\"\
        10\"/>\t\n<record \n name=\"docs.pcekper.com.ar\"\n type=\"CNAME\"\n content=\"\
        docs.example.com\"\n ttl=\"3600 seconds\"\n prio=\"0\"/>\t\n<record \n name=\"\
        _acme-challenge.fqdn.pcekper.com.ar\"\n type=\"TXT\"\n content=\"challengetoken\"\
        \n ttl=\"3600 seconds\"\n prio=\"0\"/>\t\n<record \n name=\"_acme-challenge.full.pcekper.com.ar\"\
        \n type=\"TXT\"\n content=\"challengetoken\"\n ttl=\"3600 seconds\"\n prio=\"\
        0\"/>\t\n<record \n name=\"_acme-challenge.test.pcekper.com.ar\"\n type=\"\
        TXT\"\n content=\"challengetoken\"\n ttl=\"3600 seconds\"\n prio=\"0\"/>\t\
        \n<record \n name=\"ttl.fqdn.pcekper.com.ar\"\n type=\"TXT\"\n content=\"\
        ttlshouldbe3600\"\n ttl=\"3600 seconds\"\n prio=\"0\"/>\t\n<record \n name=\"\
        random.fqdntest.pcekper.com.ar\"\n type=\"TXT\"\n content=\"challengetoken\"\
        \n ttl=\"3600 seconds\"\n prio=\"0\"/>\t\n<record \n name=\"random.fulltest.pcekper.com.ar\"\
        \n type=\"TXT\"\n content=\"challengetoken\"\n ttl=\"3600 seconds\"\n prio=\"\
        0\"/>\t\n<record \n name=\"random.test.pcekper.com.ar\"\n type=\"TXT\"\n content=\"\
        challengetoken\"\n ttl=\"3600 seconds\"\n prio=\"0\"/>\t\n<record \n name=\"\
        updated.test.pcekper.com.ar\"\n type=\"TXT\"\n content=\"challengetoken\"\n\
        \ ttl=\"3600 seconds\"\n prio=\"0\"/>\t\n<record \n name=\"localhost.pcekper.com.ar\"\
        \n type=\"A\"\n content=\"127.0.0.1\"\n ttl=\"3600 seconds\"\n prio=\"0\"\
        />\t\n<record \n name=\"updated.testfqdn.pcekper.com.ar\"\n type=\"TXT\"\n\
        \ content=\"challengetoken\"\n ttl=\"3600 seconds\"\n prio=\"0\"/>\t\n<record\
        \ \n name=\"updated.testfull.pcekper.com.ar\"\n type=\"TXT\"\n content=\"\
        challengetoken\"\n ttl=\"3600 seconds\"\n prio=\"0\"/>\t</action></actions></dnsapi_result>"}
    headers:
      cache-control: [no-store]
      connection: [Keep-Alive]
      content-length: ['2909']
      content-type: [text/xml;charset=UTF-8]
      date: ['Tue, 28 Nov 2017 01:08:08 GMT']
      keep-alive: ['timeout=5, max=100']
      server: [Apache/2.4.25 (Debian)]
      set-cookie: ['uv=815169885; Expires=Wed, 28-Nov-2018 01:08:08 GMT; Path=/app;
          HttpOnly', JSESSIONID=BFEE44E515D392E3C2114ADEEAA9304E; Path=/app/; Secure;
          HttpOnly]
      vary: [Accept-Encoding]
    status: {code: 200, message: OK}
- request:
    body: null
    headers:
      Accept: ['*/*']
      Accept-Encoding: ['gzip, deflate']
      Connection: [keep-alive]
      User-Agent: [python-requests/2.18.4]
    method: GET
    uri: https://zonomi.com/app/dns/dyndns.jsp?action=SET&name=random.fqdntest.pcekper.com.ar&prio=placeholder_priority&ttl=3600&type=TXT&value=challengetoken
  response:
    body: {string: !!python/unicode "<?xml version =\"1.0\"  ?><!DOCTYPE html [<!ENTITY\
        \ nbsp '&#160;'><!ENTITY trade '&#8482;'><!ENTITY copy '&#169;'>]><dnsapi_result><is_ok>OK:</is_ok>\n\
        <result_counts \n added=\"0\"\n changed=\"0\"\n unchanged=\"1\"\n deleted=\"\
        0\"/>\n<actions>\n\n<action \n action=\"SET\"\n host=\"random.fqdntest.pcekper.com.ar\"\
        \n type=\"TXT\"\n value=\"challengetoken\"\n ttl=\"3600\">\n<record \n name=\"\
        random.fqdntest.pcekper.com.ar\"\n type=\"TXT\"\n content=\"challengetoken\"\
        \n ttl=\"3600 seconds\"\n prio=\"0\"\n skipped=\"unchanged\"/>\t</action></actions></dnsapi_result>"}
    headers:
      cache-control: [no-store]
      connection: [Keep-Alive]
      content-length: ['513']
      content-type: [text/xml;charset=UTF-8]
      date: ['Tue, 28 Nov 2017 01:08:09 GMT']
      keep-alive: ['timeout=5, max=100']
      server: [Apache/2.4.25 (Debian)]
      set-cookie: ['uv=125169885; Expires=Wed, 28-Nov-2018 01:08:09 GMT; Path=/app;
          HttpOnly', JSESSIONID=6B2713F9270F35C9AF1892A8984B3C30; Path=/app/; Secure;
          HttpOnly]
      vary: [Accept-Encoding]
    status: {code: 200, message: OK}
- request:
    body: null
    headers:
      Accept: ['*/*']
      Accept-Encoding: ['gzip, deflate']
      Connection: [keep-alive]
      User-Agent: [python-requests/2.18.4]
    method: GET
    uri: https://zonomi.com/app/dns/dyndns.jsp?action=QUERY&name=random.fqdntest.pcekper.com.ar&type=TXT
  response:
    body: {string: !!python/unicode "<?xml version =\"1.0\"  ?><!DOCTYPE html [<!ENTITY\
        \ nbsp '&#160;'><!ENTITY trade '&#8482;'><!ENTITY copy '&#169;'>]><dnsapi_result><is_ok>OK:</is_ok>\n\
        <result_counts \n added=\"0\"\n changed=\"0\"\n unchanged=\"0\"\n deleted=\"\
        0\"/>\n<actions>\n\n<action \n action=\"QUERY\"\n host=\"random.fqdntest.pcekper.com.ar\"\
        \n type=\"TXT\">\n<record \n name=\"random.fqdntest.pcekper.com.ar\"\n type=\"\
        TXT\"\n content=\"challengetoken\"\n ttl=\"3600 seconds\"\n prio=\"0\"/>\t\
        </action></actions></dnsapi_result>"}
    headers:
      cache-control: [no-store]
      connection: [Keep-Alive]
      content-length: ['458']
      content-type: [text/xml;charset=UTF-8]
      date: ['Tue, 28 Nov 2017 01:08:09 GMT']
      keep-alive: ['timeout=5, max=100']
      server: [Apache/2.4.25 (Debian)]
      set-cookie: ['uv=325169885; Expires=Wed, 28-Nov-2018 01:08:09 GMT; Path=/app;
          HttpOnly', JSESSIONID=032B0EBA5EB55FA2853EC9DBF3F04058; Path=/app/; Secure;
          HttpOnly]
      vary: [Accept-Encoding]
    status: {code: 200, message: OK}
version: 1
